ASxxxx Linker V03.00 + NoICE + sdld,  page 1.
Hexadecimal  [32-Bits]

Area                                    Addr        Size        Decimal Bytes (Attributes)
--------------------------------        ----        ----        ------- ----- ------------
.  .ABS.                            00000000    00000000 =           0. bytes (ABS,CON)

      Value  Global                              Global Defined In Module
      -----  --------------------------------   ------------------------
     00000000  .__.ABS.                           SetTileMap
     00000000  _rRAMG                             
     00000000  l__BASE                         
     00000000  l__BSS                          
     00000000  l__CABS                         
     00000000  l__CODE_0                       
     00000000  l__CRASH_HEADER                 
     00000000  l__CRASH_SCRATCH                
     00000000  l__DABS                         
     00000000  l__HEADER                       
     00000000  l__HEADER_LCD                   
     00000000  l__HEADER_SIO                   
     00000000  l__HEADER_TIMER                 
     00000000  l__HEAP                         
     00000000  l__HRAM                         
     00000000  l__LIT                          
     00000000  s__CABS                         
     00000000  s__CRASH_HEADER                 
     00000000  s__CRASH_HEADER0                
     00000000  s__CRASH_HEADER1                
     00000000  s__CRASH_SCRATCH                
     00000000  s__CRASH_SCRATCH2               
     00000000  s__DABS                         
     00000000  s__HEADER                       
     00000000  s__HEADER0                      
     00000000  s__HEADER1                      
     00000000  s__HEADER10                     
     00000000  s__HEADER11                     
     00000000  s__HEADER2                      
     00000000  s__HEADER3                      
     00000000  s__HEADER4                      
     00000000  s__HEADER5                      
     00000000  s__HEADER6                      
     00000000  s__HEADER7                      
     00000000  s__HEADER8                      
     00000000  s__HEADER9                      
     00000000  s__HEADER_LCD                   
     00000000  s__HEADER_LCD0                  
     00000000  s__HEADER_SIO                   
     00000000  s__HEADER_SIO0                  
     00000000  s__HEADER_TIMER                 
     00000000  s__HEADER_TIMER0                
     00000000  s__HEADERa                      
     00000000  s__HEADERb                      
     00000000  s__HEADERc                      
     00000000  s__HEADERd                      
     00000000  s__HEADERe                      
     00000000  s__HEADERf                      
     00000000  s__HRAM                         
     00000000  s__HRAM12                       
ASxxxx Linker V03.00 + NoICE + sdld,  page 2.
Hexadecimal  [32-Bits]

Area                                    Addr        Size        Decimal Bytes (Attributes)
--------------------------------        ----        ----        ------- ----- ------------
.  .ABS.                            00000000    00000000 =           0. bytes (ABS,CON)

      Value  Global                              Global Defined In Module
      -----  --------------------------------   ------------------------
     00000001  b_activate_actor                   actor
     00000001  b_activate_actors_in_col           actor
     00000001  b_activate_actors_in_row           actor
     00000001  b_actor_at_tile                    actor
     00000001  b_actor_get_frame_offset           actor
     00000001  b_actor_in_front_of_player         actor
     00000001  b_actor_overlapping_bb             actor
     00000001  b_actor_overlapping_player         actor
     00000001  b_actor_set_anim_idle              actor
     00000001  b_actor_set_anim_moving            actor
     00000001  b_actor_set_dir                    actor
     00000001  b_actor_set_frame_offset           actor
     00000001  b_actor_set_frames                 actor
     00000001  b_actors_handle_player_collision   actor
     00000001  b_actors_init                      actor
     00000001  b_camera_init                      camera
     00000001  b_camera_reset                     camera
     00000001  b_check_collision_in_direction     actor
     00000001  b_deactivate_actor                 actor
     00000001  b_parallax_init                    parallax
     00000001  b_player_init                      actor
     00000001  b_remove_LCD_ISRs                  interrupts
     00000001  b_scroll_init                      scroll
     00000001  b_scroll_repaint                   scroll
     00000001  b_scroll_reset                     scroll
     00000001  b_scroll_update                    scroll
     00000001  b_ui_draw_frame                    ui
     00000001  b_ui_draw_text_buffer_char         ui
     00000001  b_ui_init                          ui
     00000001  b_ui_load_tiles                    ui
     00000001  b_ui_run_menu                      ui
     00000001  b_ui_run_modal                     ui
     00000001  l__GSFINAL                      
     00000001  l__HEADER0                      
     00000001  l__HEADER11                     
     00000001  l__HEADER9                      
     00000001  l__HEADERa                      
     00000001  l__HEADERb                      
     00000001  l__HEADERd                      
     00000001  l__HEADERe                      
     00000002  b_camera_shake_frames              vm_camera
     00000002  b_itoa_fmt                         vm_ui_a
     00000002  b_script_execute                   vm
     00000002  b_script_runner_init               vm
     00000002  b_script_terminate                 vm
     00000002  b_scroll_rect                      
     00000002  b_vm_actor_activate                vm_actor
     00000002  b_vm_actor_deactivate              vm_actor
     00000002  b_vm_actor_emote                   vm_actor
     00000002  b_vm_actor_get_angle               vm_actor
     00000002  b_vm_actor_get_anim_frame          vm_actor
ASxxxx Linker V03.00 + NoICE + sdld,  page 3.
Hexadecimal  [32-Bits]

Area                                    Addr        Size        Decimal Bytes (Attributes)
--------------------------------        ----        ----        ------- ----- ------------
.  .ABS.                            00000000    00000000 =           0. bytes (ABS,CON)

      Value  Global                              Global Defined In Module
      -----  --------------------------------   ------------------------
     00000002  b_vm_actor_get_dir                 vm_actor
     00000002  b_vm_actor_get_pos                 vm_actor
     00000002  b_vm_actor_move_to                 vm_actor
     00000002  b_vm_actor_replace_tile            vm_actor
     00000002  b_vm_actor_set_anim                vm_actor
     00000002  b_vm_actor_set_anim_frame          vm_actor
     00000002  b_vm_actor_set_anim_set            vm_actor
     00000002  b_vm_actor_set_anim_tick           vm_actor
     00000002  b_vm_actor_set_bounds              vm_actor
     00000002  b_vm_actor_set_coll_enabled        vm_actor
     00000002  b_vm_actor_set_dir                 vm_actor
     00000002  b_vm_actor_set_hidden              vm_actor
     00000002  b_vm_actor_set_move_speed          vm_actor
     00000002  b_vm_actor_set_pos                 vm_actor
     00000002  b_vm_actor_set_spritesheet         vm_actor
     00000002  b_vm_actor_set_spritesheet_by_re   vm_actor
     00000002  b_vm_actor_terminate_update        vm_actor
     00000002  b_vm_call                          vm
     00000002  b_vm_call_far                      vm
     00000002  b_vm_call_rel                      vm
     00000002  b_vm_camera_move_to                vm_camera
     00000002  b_vm_camera_set_pos                vm_camera
     00000002  b_vm_choice                        vm_ui
     00000002  b_vm_context_prepare               vm_gameboy
     00000002  b_vm_cos_scale                     vm_math
     00000002  b_vm_display_text                  vm_ui
     00000002  b_vm_fade                          vm_gameboy
     00000002  b_vm_get_indirect                  vm
     00000002  b_vm_get_int16                     vm
     00000002  b_vm_get_int8                      vm
     00000002  b_vm_get_tile_xy                   vm_gameboy
     00000002  b_vm_get_tlocal                    vm
     00000002  b_vm_get_uint8                     vm
     00000002  b_vm_idle                          vm
     00000002  b_vm_if                            vm
     00000002  b_vm_if_const                      vm
     00000002  b_vm_input_attach                  vm_gameboy
     00000002  b_vm_input_detach                  vm_gameboy
     00000002  b_vm_input_get                     vm_gameboy
     00000002  b_vm_input_wait                    vm_gameboy
     00000002  b_vm_invoke                        vm
     00000002  b_vm_join                          vm
     00000002  b_vm_jump                          vm
     00000002  b_vm_jump_rel                      vm
     00000002  b_vm_load_cursor                   vm_ui
     00000002  b_vm_load_frame                    vm_ui
     00000002  b_vm_load_palette                  vm_palette
     00000002  b_vm_lock                          vm
     00000002  b_vm_loop                          vm
     00000002  b_vm_loop_rel                      vm
     00000002  b_vm_memcpy                        vm
ASxxxx Linker V03.00 + NoICE + sdld,  page 4.
Hexadecimal  [32-Bits]

Area                                    Addr        Size        Decimal Bytes (Attributes)
--------------------------------        ----        ----        ------- ----- ------------
.  .ABS.                            00000000    00000000 =           0. bytes (ABS,CON)

      Value  Global                              Global Defined In Module
      -----  --------------------------------   ------------------------
     00000002  b_vm_memset                        vm
     00000002  b_vm_music_mute                    vm_music
     00000002  b_vm_music_play                    vm_music
     00000002  b_vm_music_routine                 vm_music
     00000002  b_vm_music_setpos                  vm_music
     00000002  b_vm_music_stop                    vm_music
     00000002  b_vm_overlay_clear                 vm_ui
     00000002  b_vm_overlay_hide                  vm_ui
     00000002  b_vm_overlay_move_to               vm_ui
     00000002  b_vm_overlay_scroll                vm_ui
     00000002  b_vm_overlay_set_scroll            vm_ui
     00000002  b_vm_overlay_set_submap            vm_ui
     00000002  b_vm_overlay_setpos                vm_ui
     00000002  b_vm_overlay_show                  vm_ui
     00000002  b_vm_overlay_wait                  vm_ui
     00000002  b_vm_poll                          vm_gameboy
     00000002  b_vm_poll_loaded                   vm
     00000002  b_vm_pop                           vm
     00000002  b_vm_projectile_launch             vm_projectiles
     00000002  b_vm_push                          vm
     00000002  b_vm_push_reference                vm
     00000002  b_vm_push_value                    vm
     00000002  b_vm_push_value_ind                vm
     00000002  b_vm_raise                         vm
     00000002  b_vm_rand                          vm
     00000002  b_vm_randomize                     vm
     00000002  b_vm_replace_tile                  vm_gameboy
     00000002  b_vm_replace_tile_xy               vm_gameboy
     00000002  b_vm_reserve                       vm
     00000002  b_vm_ret                           vm
     00000002  b_vm_ret_far                       vm
     00000002  b_vm_rtc_get                       vm_rtc
     00000002  b_vm_rtc_latch                     vm_rtc
     00000002  b_vm_rtc_set                       vm_rtc
     00000002  b_vm_rtc_start                     vm_rtc
     00000002  b_vm_rumble                        vm_gameboy
     00000002  b_vm_save_clear                    vm_load_save
     00000002  b_vm_save_peek                     vm_load_save
     00000002  b_vm_scene_pop                     vm_scene
     00000002  b_vm_scene_pop_all                 vm_scene
     00000002  b_vm_scene_push                    vm_scene
     00000002  b_vm_scene_stack_reset             vm_scene
     00000002  b_vm_set                           vm
     00000002  b_vm_set_const                     vm
     00000002  b_vm_set_const_int16               vm
     00000002  b_vm_set_const_int8                vm
     00000002  b_vm_set_font                      vm_ui
     00000002  b_vm_set_indirect                  vm
     00000002  b_vm_set_int16                     vm
     00000002  b_vm_set_int8                      vm
     00000002  b_vm_set_print_dir                 vm_ui
ASxxxx Linker V03.00 + NoICE + sdld,  page 5.
Hexadecimal  [32-Bits]

Area                                    Addr        Size        Decimal Bytes (Attributes)
--------------------------------        ----        ----        ------- ----- ------------
.  .ABS.                            00000000    00000000 =           0. bytes (ABS,CON)

      Value  Global                              Global Defined In Module
      -----  --------------------------------   ------------------------
     00000002  b_vm_set_sprite_mode               vm_gameboy
     00000002  b_vm_set_sprites_visible           vm_gameboy
     00000002  b_vm_set_text_sound                vm_ui
     00000002  b_vm_set_uint8                     vm
     00000002  b_vm_sin_scale                     vm_math
     00000002  b_vm_sio_exchange                  vm_sio
     00000002  b_vm_sio_set_mode                  vm_sio
     00000002  b_vm_sound_mastervol               vm_music
     00000002  b_vm_sound_play                    vm_music
     00000002  b_vm_switch_text_layer             vm_ui
     00000002  b_vm_systime                       vm
     00000002  b_vm_terminate                     vm
     00000002  b_vm_test_terminate                vm
     00000002  b_vm_timer_prepare                 vm_gameboy
     00000002  b_vm_timer_reset                   vm_gameboy
     00000002  b_vm_timer_set                     vm_gameboy
     00000002  b_vm_timer_stop                    vm_gameboy
     00000002  b_vm_unlock                        vm
     00000002  b_vm_wave_play                     vm_music
     00000002  b_wait_frames                      vm
     00000002  l__HEADER5                      
     00000002  l__HEADERc                      
     00000002  l__HEADERf                      
     00000003  b_adventure_init                   adventure
     00000003  b_adventure_update                 adventure
     00000003  b_logo_init                        logo
     00000003  b_logo_update                      logo
     00000003  b_platform_init                    platform
     00000003  b_platform_update                  platform
     00000003  b_pointnclick_init                 pointnclick
     00000003  b_pointnclick_update               pointnclick
     00000003  b_shmup_init                       shmup
     00000003  b_shmup_update                     shmup
     00000003  b_topdown_init                     topdown
     00000003  b_topdown_update                   topdown
     00000003  l__HEADER8                      
     00000003  l__HEADER_LCD0                  
     00000003  l__HRAM12                       
     00000004  b_SIO_init                         sio
     00000004  b_core_reset                       core
     00000004  b_core_run                         core
     00000004  b_data_clear                       load_save
     00000004  b_data_init                        load_save
     00000004  b_data_load                        load_save
     00000004  b_data_peek                        load_save
     00000004  b_data_save                        load_save
     00000004  b_do_load_palette                  data_manager
     00000004  b_events_init                      events
     00000004  b_fade_applypalettechange          fade_manager
     00000004  b_fade_in                          fade_manager
     00000004  b_fade_in_modal                    fade_manager
ASxxxx Linker V03.00 + NoICE + sdld,  page 6.
Hexadecimal  [32-Bits]

Area                                    Addr        Size        Decimal Bytes (Attributes)
--------------------------------        ----        ----        ------- ----- ------------
.  .ABS.                            00000000    00000000 =           0. bytes (ABS,CON)

      Value  Global                              Global Defined In Module
      -----  --------------------------------   ------------------------
     00000004  b_fade_init                        fade_manager
     00000004  b_fade_out                         fade_manager
     00000004  b_fade_out_modal                   fade_manager
     00000004  b_fade_setspeed                    fade_manager
     00000004  b_fade_update                      fade_manager
     00000004  b_input_init                       input
     00000004  b_load_background                  data_manager
     00000004  b_load_bkg_tileset                 data_manager
     00000004  b_load_bounds                      data_manager
     00000004  b_load_emote                       data_manager
     00000004  b_load_init                        data_manager
     00000004  b_load_player                      data_manager
     00000004  b_load_scene                       data_manager
     00000004  b_load_sprite                      data_manager
     00000004  b_music_events_poll                music_manager
     00000004  b_music_init                       music_manager
     00000004  b_music_stop                       music_manager
     00000004  b_palette_init                     palette
     00000004  b_projectile_launch                projectiles
     00000004  b_projectiles_init                 projectiles
     00000004  b_restore_sram                     flasher
     00000004  b_restore_sram_bank                flasher
     00000004  b_save_sram                        flasher
     00000004  b_set_sample                       sample_player
     00000004  b_set_sgb_border                   sgb_border
     00000004  b_sound_init                       music_manager
     00000004  b_sound_play                       music_manager
     00000004  b_timers_init                      events
     00000004  b_trigger_activate_at              trigger
     00000004  b_trigger_activate_at_intersecti   trigger
     00000004  b_trigger_at_intersection          trigger
     00000004  b_trigger_at_tile                  trigger
     00000004  b_trigger_interact                 trigger
     00000004  b_trigger_reset                    trigger
     00000004  b_wave_play                        music_manager
     00000004  l__CRASH_HEADER1                
     00000004  l__HEADER_SIO0                  
     00000004  l__HEADER_TIMER0                
     00000005  ___bank_frame_image                frame_image
     00000005  ___bank_scene_5_collisions         scene_5_collisions
     00000005  ___bank_script_engine_init         
     00000005  ___bank_tileset_2                  tileset_2
     00000005  l__CRASH_HEADER0                
     00000005  l__HEADER1                      
     00000006  ___bank_cursor_image               cursor_image
     00000006  ___bank_scene_0                    scene_0
     00000006  ___bank_script_s6_init             script_s6_init
     00000006  ___bank_tilemap_3                  tilemap_3
     00000006  ___bank_tileset_3                  tileset_3
     00000006  l__HEADER7                      
     00000007  ___bank_bootstrap_script           
ASxxxx Linker V03.00 + NoICE + sdld,  page 7.
Hexadecimal  [32-Bits]

Area                                    Addr        Size        Decimal Bytes (Attributes)
--------------------------------        ----        ----        ------- ----- ------------
.  .ABS.                            00000000    00000000 =           0. bytes (ABS,CON)

      Value  Global                              Global Defined In Module
      -----  --------------------------------   ------------------------
     00000007  ___bank_music_track_4__Data        music_track_4__Data
     00000007  ___bank_music_track_5__Data        music_track_5__Data
     00000007  ___bank_scene_4_collisions         scene_4_collisions
     00000007  ___bank_spritesheet_0              spritesheet_0
     00000007  ___bank_tileset_0                  tileset_0
     00000007  l__HEADER2                      
     00000008  ___bank_palette_0                  palette_0
     00000008  ___bank_scene_1                    scene_1
     00000008  ___bank_scene_1_triggers           scene_1_triggers
     00000008  ___bank_scene_2_collisions         scene_2_collisions
     00000008  ___bank_scene_3_collisions         scene_3_collisions
     00000008  ___bank_script_s7_init             script_s7_init
     00000008  ___bank_tilemap_1                  tilemap_1
     00000008  ___bank_tilemap_2                  tilemap_2
     00000008  l__HEADER3                      
     00000009  ___bank_font_0                     font_0
     00000009  ___bank_music_track_0__Data        music_track_0__Data
     00000009  ___bank_music_track_1__Data        music_track_1__Data
     00000009  ___bank_music_track_2__Data        music_track_2__Data
     00000009  ___bank_music_track_6__Data        music_track_6__Data
     00000009  ___bank_palette_1                  palette_1
     00000009  ___bank_scene_0_collisions         scene_0_collisions
     00000009  ___bank_script_s3t0_interact       script_s3t0_interact
     00000009  ___bank_tilemap_0                  tilemap_0
     00000009  ___bank_tileset_1                  tileset_1
     00000009  ___bank_tileset_4                  tileset_4
     0000000A  ___bank_background_0               background_0
     0000000A  ___bank_background_1               background_1
     0000000A  ___bank_background_2               background_2
     0000000A  ___bank_background_3               background_3
     0000000A  ___bank_background_4               background_4
     0000000A  ___bank_background_5               background_5
     0000000A  ___bank_background_6               background_6
     0000000A  ___bank_background_7               background_7
     0000000A  ___bank_music_track_3__Data        music_track_3__Data
     0000000A  ___bank_scene_1_collisions         scene_1_collisions
     0000000A  ___bank_scene_2                    scene_2
     0000000A  ___bank_scene_2_triggers           scene_2_triggers
     0000000A  ___bank_scene_3                    scene_3
     0000000A  ___bank_scene_3_triggers           scene_3_triggers
     0000000A  ___bank_scene_4                    scene_4
     0000000A  ___bank_scene_4_triggers           scene_4_triggers
     0000000A  ___bank_scene_5                    scene_5
     0000000A  ___bank_scene_5_triggers           scene_5_triggers
     0000000A  ___bank_scene_6                    scene_6
     0000000A  ___bank_scene_6_collisions         scene_6_collisions
     0000000A  ___bank_scene_7                    scene_7
     0000000A  ___bank_scene_7_collisions         scene_7_collisions
     0000000A  ___bank_script_s0_init             script_s0_init
     0000000A  ___bank_script_s1_init             script_s1_init
     0000000A  ___bank_script_s1t0_interact       script_s1t0_interact
ASxxxx Linker V03.00 + NoICE + sdld,  page 8.
Hexadecimal  [32-Bits]

Area                                    Addr        Size        Decimal Bytes (Attributes)
--------------------------------        ----        ----        ------- ----- ------------
.  .ABS.                            00000000    00000000 =           0. bytes (ABS,CON)

      Value  Global                              Global Defined In Module
      -----  --------------------------------   ------------------------
     0000000A  ___bank_script_s2_init             script_s2_init
     0000000A  ___bank_script_s2t0_interact       script_s2t0_interact
     0000000A  ___bank_script_s3_init             script_s3_init
     0000000A  ___bank_script_s4_init             script_s4_init
     0000000A  ___bank_script_s4t0_interact       script_s4t0_interact
     0000000A  ___bank_script_s5_init             script_s5_init
     0000000A  ___bank_script_s5t0_interact       script_s5t0_interact
     0000000A  ___bank_spritesheet_none           spritesheet_none
     0000000A  ___bank_tilemap_4                  tilemap_4
     0000000A  ___bank_tilemap_5                  tilemap_5
     0000000A  ___bank_tilemap_6                  tilemap_6
     0000000C  __start_save                    
     00000010  l__INITIALIZED                  
     00000010  l__INITIALIZER                  
     00000030  l__HEADER6                      
     00000033  l__GSINIT                       
     0000004E  l__HEADER4                      
     00000082  l__HEADER10                     
     000001CB  l__CRASH_SCRATCH2               
     00000200  s__CODE                         
     00000668  l__CODE                         
     00000868  s__HOME                         
     00001016  l__CODE_10                      
     000018FD  l__DATA                         
     00002000  _rROMB0                            
     000026A6  l__HOME                         
     00002789  l__CODE_4                       
     00002A11  l__CODE_3                       
     00002F0E  s__BASE                         
     00002F0E  s__CODE_0                       
     00002F0E  s__INITIALIZER                  
     00002F0E  s__LIT                          
     00002F1E  s__GSINIT                       
     00002F51  s__GSFINAL                      
     00002FB2  l__CODE_1                       
     00003000  _rROMB1                            
     0000380D  l__CODE_2                       
     00003FFE  l__CODE_5                       
     00003FFE  l__CODE_6                       
     00003FFE  l__CODE_9                       
     00003FFF  l__CODE_8                       
     00004000  _RTC_SELECT_REG                    vm_rtc
     00004000  _rRAMB                             
     00004000  l__CODE_7                       
     00006000  _RTC_LATCH_REG                     vm_rtc
     00008000  __VRAM                             
     00008000  __VRAM8000                         
     00008800  __VRAM8800                         
     00009000  __VRAM9000                         
     00009800  __SCRN0                            
     00009C00  __SCRN1                            
ASxxxx Linker V03.00 + NoICE + sdld,  page 9.
Hexadecimal  [32-Bits]

Area                                    Addr        Size        Decimal Bytes (Attributes)
--------------------------------        ----        ----        ------- ----- ------------
.  .ABS.                            00000000    00000000 =           0. bytes (ABS,CON)

      Value  Global                              Global Defined In Module
      -----  --------------------------------   ------------------------
     0000A000  _RTC_VALUE_REG                     vm_rtc
     0000A000  __SRAM                             
     0000C000  __RAM                              
     0000C000  _shadow_OAM                     
     0000C0A0  s__DATA                         
     0000D000  __RAMBANK                          
     0000D99D  s__BSS                          
     0000D99D  s__INITIALIZED                  
     0000D9AD  s__HEAP                         
     0000DF00  .STACK                          
     0000DF00  _shadow_OAM2                       absolute
     0000DFA0  _BkgPalette                        absolute
     0000DFE0  _vwf_tile_data                     absolute
     0000FE00  __OAMRAM                           
     0000FF00  _P1_REG                            
     0000FF00  __IO                               
     0000FF01  _SB_REG                            
     0000FF02  _SC_REG                            
     0000FF04  _DIV_REG                           
     0000FF05  _TIMA_REG                          
     0000FF06  _TMA_REG                           
     0000FF07  _TAC_REG                           
     0000FF0F  _IF_REG                            
     0000FF10  _NR10_REG                          
     0000FF11  _NR11_REG                          
     0000FF12  _NR12_REG                          
     0000FF13  _NR13_REG                          
     0000FF14  _NR14_REG                          
     0000FF16  _NR21_REG                          
     0000FF17  _NR22_REG                          
     0000FF18  _NR23_REG                          
     0000FF19  _NR24_REG                          
     0000FF1A  _NR30_REG                          
     0000FF1B  _NR31_REG                          
     0000FF1C  _NR32_REG                          
     0000FF1D  _NR33_REG                          
     0000FF1E  _NR34_REG                          
     0000FF20  _NR41_REG                          
     0000FF21  _NR42_REG                          
     0000FF22  _NR43_REG                          
     0000FF23  _NR44_REG                          
     0000FF24  _NR50_REG                          
     0000FF25  _NR51_REG                          
     0000FF26  _NR52_REG                          
     0000FF30  _AUD3WAVE                          
     0000FF30  _PCM_SAMPLE                        
     0000FF30  __AUD3WAVERAM                      
     0000FF40  _LCDC_REG                          
     0000FF41  _STAT_REG                          
     0000FF42  _SCY_REG                           
     0000FF43  _SCX_REG                           
ASxxxx Linker V03.00 + NoICE + sdld,  page 10.
Hexadecimal  [32-Bits]

Area                                    Addr        Size        Decimal Bytes (Attributes)
--------------------------------        ----        ----        ------- ----- ------------
.  .ABS.                            00000000    00000000 =           0. bytes (ABS,CON)

      Value  Global                              Global Defined In Module
      -----  --------------------------------   ------------------------
     0000FF44  _LY_REG                            
     0000FF45  _LYC_REG                           
     0000FF46  _DMA_REG                           
     0000FF47  _BGP_REG                           
     0000FF48  _OBP0_REG                          
     0000FF49  _OBP1_REG                          
     0000FF4A  _WY_REG                            
     0000FF4B  _WX_REG                            
     0000FF4D  _KEY1_REG                          
     0000FF4F  _VBK_REG                           
     0000FF51  _HDMA1_REG                         
     0000FF52  _HDMA2_REG                         
     0000FF53  _HDMA3_REG                         
     0000FF54  _HDMA4_REG                         
     0000FF55  _HDMA5_REG                         
     0000FF56  _RP_REG                            
     0000FF68  _BCPS_REG                          
     0000FF69  _BCPD_REG                          
     0000FF6A  _OCPS_REG                          
     0000FF6B  _OCPD_REG                          
     0000FF70  _SVBK_REG                          
     0000FF76  _PCM12_REG                         
     0000FF77  _PCM34_REG                         
     0000FF80  .refresh_OAM                    
     0000FF80  __HRAM                             
     0000FFFF  _IE_REG                            
     00014000  s__CODE_1                       
     00024000  s__CODE_2                       
     00034000  s__CODE_3                       
     00044000  s__CODE_4                       
     00054000  s__CODE_5                       
     00064000  s__CODE_6                       
     00074000  s__CODE_7                       
     00084000  s__CODE_8                       
     00094000  s__CODE_9                       
     000A4000  s__CODE_10                      

ASxxxx Linker V03.00 + NoICE + sdld,  page 11.
Hexadecimal  [32-Bits]

Area                                    Addr        Size        Decimal Bytes (Attributes)
--------------------------------        ----        ----        ------- ----- ------------
_CODE                               00000200    00000668 =        1640. bytes (REL,CON)

      Value  Global                              Global Defined In Module
      -----  --------------------------------   ------------------------
     00000200  ___HandleCrash                     
     0000020A  _SIO_send_byte                     
     0000021D  _SIO_receive                       
     0000022E  _SetTile                           
     0000023D  _set_win_tile_xy                   
     00000242  _set_bkg_tile_xy                   
     00000265  _GetWinAddr                        
     0000026D  _GetBkgAddr                        
     0000027B  _state_init                        
     00000280  _state_update                      
     000002A2  _ui_time_masks                     
     000002AA  _ui_print_shift_char               
     0000032D  _ui_draw_frame_row                 
     00000336  .ui_draw_frame_row                 
     0000035F  _script_cmds                       vm_instructions
     00000500  _save_signature                    game_signature
     00000504  _start_scene_x                     
     00000506  _start_scene_y                     
     00000508  _start_scene_dir                   
     00000509  _start_scene                       
     0000050C  _start_player_move_speed           
     0000050D  _start_player_anim_tick            
     0000050E  _ui_fonts                          
     00000511  _core_reset_hook                   main
     00000519  _main                              main
     00000521  _state_start_fns                   
     00000533  _state_update_fns                  
     00000562  gbt_get_pattern_ptr_banked         
     00000581  _gbt_play                          
     0000063C  _gbt_pause                         
     0000064D  _gbt_loop                          
     00000654  _gbt_stop                          
     0000065F  _gbt_enable_channels               
     00000666  _gbt_update                        
     0000076B  _hide_sprites_range                Metasprites
     0000079B  .sgb_check                         
     0000079B  _sgb_check                         
     000007E3  _sgb_transfer                      
     000007E8  .sgb_transfer                      
     00000829  ___move_metasprite                 Metasprites

ASxxxx Linker V03.00 + NoICE + sdld,  page 12.
Hexadecimal  [32-Bits]

Area                                    Addr        Size        Decimal Bytes (Attributes)
--------------------------------        ----        ----        ------- ----- ------------
_HEADER0                            00000000    00000001 =           1. bytes (ABS,CON)

      Value  Global                              Global Defined In Module
      -----  --------------------------------   ------------------------
     00000020  .call_hl                           Runtime

ASxxxx Linker V03.00 + NoICE + sdld,  page 13.
Hexadecimal  [32-Bits]

Area                                    Addr        Size        Decimal Bytes (Attributes)
--------------------------------        ----        ----        ------- ----- ------------
_HEADER1                            00000000    00000005 =           5. bytes (ABS,CON)

      Value  Global                              Global Defined In Module
      -----  --------------------------------   ------------------------
     00000028  .MemsetSmall                       Runtime

ASxxxx Linker V03.00 + NoICE + sdld,  page 14.
Hexadecimal  [32-Bits]

Area                                    Addr        Size        Decimal Bytes (Attributes)
--------------------------------        ----        ----        ------- ----- ------------
_HEADER2                            00000000    00000007 =           7. bytes (ABS,CON)

      Value  Global                              Global Defined In Module
      -----  --------------------------------   ------------------------
     00000030  .MemcpySmall                       Runtime

ASxxxx Linker V03.00 + NoICE + sdld,  page 15.
Hexadecimal  [32-Bits]

Area                                    Addr        Size        Decimal Bytes (Attributes)
--------------------------------        ----        ----        ------- ----- ------------
_HEADER3                            00000000    00000008 =           8. bytes (ABS,CON)

      Value  Global                              Global Defined In Module
      -----  --------------------------------   ------------------------
ASxxxx Linker V03.00 + NoICE + sdld,  page 16.
Hexadecimal  [32-Bits]

Area                                    Addr        Size        Decimal Bytes (Attributes)
--------------------------------        ----        ----        ------- ----- ------------
_HEADER4                            00000000    0000004E =          78. bytes (ABS,CON)

      Value  Global                              Global Defined In Module
      -----  --------------------------------   ------------------------
     00000080  .int                               Runtime
     0000008F  _wait_int_handler                  Runtime
     0000009C  __standard_VBL_handler             Runtime
     000000AC  _refresh_OAM                       Runtime

ASxxxx Linker V03.00 + NoICE + sdld,  page 17.
Hexadecimal  [32-Bits]

Area                                    Addr        Size        Decimal Bytes (Attributes)
--------------------------------        ----        ----        ------- ----- ------------
_HEADER5                            00000000    00000002 =           2. bytes (ABS,CON)

      Value  Global                              Global Defined In Module
      -----  --------------------------------   ------------------------
ASxxxx Linker V03.00 + NoICE + sdld,  page 18.
Hexadecimal  [32-Bits]

Area                                    Addr        Size        Decimal Bytes (Attributes)
--------------------------------        ----        ----        ------- ----- ------------
_HEADER6                            00000000    00000030 =          48. bytes (ABS,CON)

      Value  Global                              Global Defined In Module
      -----  --------------------------------   ------------------------
ASxxxx Linker V03.00 + NoICE + sdld,  page 19.
Hexadecimal  [32-Bits]

Area                                    Addr        Size        Decimal Bytes (Attributes)
--------------------------------        ----        ----        ------- ----- ------------
_HEADER7                            00000000    00000006 =           6. bytes (ABS,CON)

      Value  Global                              Global Defined In Module
      -----  --------------------------------   ------------------------
ASxxxx Linker V03.00 + NoICE + sdld,  page 20.
Hexadecimal  [32-Bits]

Area                                    Addr        Size        Decimal Bytes (Attributes)
--------------------------------        ----        ----        ------- ----- ------------
_HEADER8                            00000000    00000003 =           3. bytes (ABS,CON)

      Value  Global                              Global Defined In Module
      -----  --------------------------------   ------------------------
ASxxxx Linker V03.00 + NoICE + sdld,  page 21.
Hexadecimal  [32-Bits]

Area                                    Addr        Size        Decimal Bytes (Attributes)
--------------------------------        ----        ----        ------- ----- ------------
_HEADER9                            00000000    00000001 =           1. bytes (ABS,CON)

      Value  Global                              Global Defined In Module
      -----  --------------------------------   ------------------------
ASxxxx Linker V03.00 + NoICE + sdld,  page 22.
Hexadecimal  [32-Bits]

Area                                    Addr        Size        Decimal Bytes (Attributes)
--------------------------------        ----        ----        ------- ----- ------------
_HEADERa                            00000000    00000001 =           1. bytes (ABS,CON)

      Value  Global                              Global Defined In Module
      -----  --------------------------------   ------------------------
ASxxxx Linker V03.00 + NoICE + sdld,  page 23.
Hexadecimal  [32-Bits]

Area                                    Addr        Size        Decimal Bytes (Attributes)
--------------------------------        ----        ----        ------- ----- ------------
_HEADERb                            00000000    00000001 =           1. bytes (ABS,CON)

      Value  Global                              Global Defined In Module
      -----  --------------------------------   ------------------------
ASxxxx Linker V03.00 + NoICE + sdld,  page 24.
Hexadecimal  [32-Bits]

Area                                    Addr        Size        Decimal Bytes (Attributes)
--------------------------------        ----        ----        ------- ----- ------------
_HEADERc                            00000000    00000002 =           2. bytes (ABS,CON)

      Value  Global                              Global Defined In Module
      -----  --------------------------------   ------------------------
ASxxxx Linker V03.00 + NoICE + sdld,  page 25.
Hexadecimal  [32-Bits]

Area                                    Addr        Size        Decimal Bytes (Attributes)
--------------------------------        ----        ----        ------- ----- ------------
_HEADERd                            00000000    00000001 =           1. bytes (ABS,CON)

      Value  Global                              Global Defined In Module
      -----  --------------------------------   ------------------------
ASxxxx Linker V03.00 + NoICE + sdld,  page 26.
Hexadecimal  [32-Bits]

Area                                    Addr        Size        Decimal Bytes (Attributes)
--------------------------------        ----        ----        ------- ----- ------------
_HEADERe                            00000000    00000001 =           1. bytes (ABS,CON)

      Value  Global                              Global Defined In Module
      -----  --------------------------------   ------------------------
ASxxxx Linker V03.00 + NoICE + sdld,  page 27.
Hexadecimal  [32-Bits]

Area                                    Addr        Size        Decimal Bytes (Attributes)
--------------------------------        ----        ----        ------- ----- ------------
_HEADERf                            00000000    00000002 =           2. bytes (ABS,CON)

      Value  Global                              Global Defined In Module
      -----  --------------------------------   ------------------------
ASxxxx Linker V03.00 + NoICE + sdld,  page 28.
Hexadecimal  [32-Bits]

Area                                    Addr        Size        Decimal Bytes (Attributes)
--------------------------------        ----        ----        ------- ----- ------------
_HEADER10                           00000000    00000082 =         130. bytes (ABS,CON)

      Value  Global                              Global Defined In Module
      -----  --------------------------------   ------------------------
     00000150  .reset                             Runtime
     00000150  _reset                             Runtime
     00000157  .code_start                        Runtime
     000001B7  _exit                              Runtime
     000001BB  _set_interrupts                    Runtime

ASxxxx Linker V03.00 + NoICE + sdld,  page 29.
Hexadecimal  [32-Bits]

Area                                    Addr        Size        Decimal Bytes (Attributes)
--------------------------------        ----        ----        ------- ----- ------------
_HEADER11                           00000000    00000001 =           1. bytes (ABS,CON)

      Value  Global                              Global Defined In Module
      -----  --------------------------------   ------------------------
ASxxxx Linker V03.00 + NoICE + sdld,  page 30.
Hexadecimal  [32-Bits]

Area                                    Addr        Size        Decimal Bytes (Attributes)
--------------------------------        ----        ----        ------- ----- ------------
_HOME                               00000868    000026A6 =        9894. bytes (REL,CON)

      Value  Global                              Global Defined In Module
      -----  --------------------------------   ------------------------
     00000868  .memset_simple                     Runtime
     00000871  .memcpy_simple                     Runtime
     0000088E  .remove_VBL                        Runtime
     00000891  .remove_int                        Runtime
     000008AE  .add_VBL                           Runtime
     000008B1  .add_int                           Runtime
     000008BC  .wait_vbl_done                     Runtime
     000008BC  _wait_vbl_done                     Runtime
     000008CC  .display_off                       Runtime
     000008CC  _display_off                       Runtime
     000008E4  _remove_VBL                        Runtime
     000008EF  _add_VBL                           Runtime
     000008FA  _actors_update                     actor
     00000C71  _SetBankedBkgData                  bankdata
     00000C8D  _SetBankedSpriteData               bankdata
     00000CA9  _SetBankedBkgTiles                 bankdata
     00000CC5  _SetBankedWinTiles                 bankdata
     00000CE1  _ReadBankedFarPtr                  bankdata
     00000D08  _ReadBankedUWORD                   bankdata
     00000D24  _MemcpyBanked                      bankdata
     00000D40  _MemcpyVRAMBanked                  bankdata
     00000D5C  _camera_update                     camera
     00000E8F  _load_animations                   data_manager
     00000EEE  _events_update                     events
     00000FC0  _timers_update                     events
     00001048  _input_update                      input
     00001078  .sio_ISR                           
     000010D2  .timer_ISR                         
     000010E7  _simple_LCD_isr                    interrupts
     00001136  _fullscreen_LCD_isr                interrupts
     00001162  _VBL_isr                           interrupts
     000011AC  _isqrt                             math
     00001202  _sine_wave                         math
     00001302  _dir_lookup                        math
     0000130A  _dir_angle_lookup                  math
     0000130E  _music_events_update               music_manager
     00001390  _music_play                        music_manager
     00001402  _music_mute                        music_manager
     00001414  _music_update                      music_manager
     00001463  _sound_stop                        music_manager
     00001494  _parallax_LCD_isr                  parallax
     000014D1  _projectiles_update                projectiles
     0000188A  _projectiles_render                projectiles
     000019FD  _sample_play_isr                   sample_player
     00001A7C  _scroll_load_pending_row           scroll
     00001ACF  _scroll_load_row                   scroll
     00001B14  _scroll_load_col                   scroll
     00001B48  _scroll_load_pending_col           scroll
     00001BA0  _set_bkg_submap                    
     00001BE3  _set_xy_win_submap                 
ASxxxx Linker V03.00 + NoICE + sdld,  page 31.
Hexadecimal  [32-Bits]

Area                                    Addr        Size        Decimal Bytes (Attributes)
--------------------------------        ----        ----        ------- ----- ------------
_HOME                               00000868    000026A6 =        9894. bytes (REL,CON)

      Value  Global                              Global Defined In Module
      -----  --------------------------------   ------------------------
     00001C0C  .set_xy_win_submap                 
     00001C15  .set_xy_bkg_submap                 
     00001C24  .set_xy_submap                     
     00001C6A  _on_SIO_receive                    sio
     00001CAB  _SIO_update                        sio
     00001D12  _ui_update                         ui
     00001DFA  _vm_sgb_transfer                   vm_sgb
     00001E48  _vm_load_text                      vm_ui
     0000209D  _vm_beginthread                    vm
     000021C2  _vm_rpn                            vm
     00002886  _vm_call_native                    vm
     00002890  _VM_STEP                           vm
     000028FA  _script_runner_update              vm
     00002A74  _fill_win_rect                     
     00002A86  _rand                              
     00002A86  _randw                             
     00002AB1  _initrand                          
     00002AB3  .initrand                          
     00002ABC  __mulsuchar                        mul
     00002AC6  __muluschar                        mul
     00002AD0  __mulschar                         mul
     00002AE2  __muluchar                         mul
     00002AEE  __mulint                           mul
     00002B14  _abs                               abs
     00002B23  _set_win_tiles                     
     00002B37  _set_tile_data                     
     00002B3C  _set_bkg_data                      
     00002B3C  _set_win_data                      
     00002B44  _set_sprite_data                   
     00002B74  _reverse                           reverse
     00002BA8  ___call__banked                    far_ptr
     00002BC5  _to_far_ptr                        far_ptr
     00002BFE  _add_LCD                           
     00002C09  .add_LCD                           
     00002C0F  _remove_LCD                        
     00002C1A  .remove_LCD                        
     00002C20  .fill_rect_wtt                     
     00002C29  .fill_rect_btt                     
     00002C76  .copy_vram                         
     00002C8A  _get_data                          
     00002C8A  _set_data                          
     00002C8A  _vmemcpy                           
     00002C9D  _fill_bkg_rect                     
     00002CAF  .padup                             
     00002CAF  _waitpadup                         
     00002CBF  .jpad                              
     00002CBF  _joypad                            
     00002CE7  _waitpad                           
     00002CEA  .wait_pad                          
     00002CF1  ___sdcc_call_hl                    call_hl
     00002CF2  ___memcpy                          memcpy
ASxxxx Linker V03.00 + NoICE + sdld,  page 32.
Hexadecimal  [32-Bits]

Area                                    Addr        Size        Decimal Bytes (Attributes)
--------------------------------        ----        ----        ------- ----- ------------
_HOME                               00000868    000026A6 =        9894. bytes (REL,CON)

      Value  Global                              Global Defined In Module
      -----  --------------------------------   ------------------------
     00002CF2  _memcpy                            memcpy
     00002D35  _memset                            memset
     00002D68  ___sdcc_bcall_ehl                  
     00002D79  __divsuchar                        div
     00002D86  __modsuchar                        div
     00002D90  __divuschar                        div
     00002DA2  __moduschar                        div
     00002DB2  __divschar                         div
     00002DBE  __modschar                         div
     00002DC8  __divsint                          div
     00002DD9  __modsint                          div
     00002DE8  __divuchar                         div
     00002DF4  __moduchar                         div
     00002DFE  __divuint                          div
     00002E0F  __moduint                          div
     00002E1E  .div8                              div
     00002E1E  .mod8                              div
     00002E26  .div16                             div
     00002E26  .mod16                             div
     00002E5C  .divu8                             div
     00002E5C  .modu8                             div
     00002E5F  .divu16                            div
     00002E5F  .modu16                            div
     00002EA0  _set_bkg_tiles                     
     00002EB4  .set_xy_wtt                        SetTileMap
     00002EBD  .set_xy_btt                        SetTileMap
     00002ECC  .set_xy_tt                         SetTileMap

ASxxxx Linker V03.00 + NoICE + sdld,  page 33.
Hexadecimal  [32-Bits]

Area                                    Addr        Size        Decimal Bytes (Attributes)
--------------------------------        ----        ----        ------- ----- ------------
_INITIALIZER                        00002F0E    00000010 =          16. bytes (REL,CON)

      Value  Global                              Global Defined In Module
      -----  --------------------------------   ------------------------
ASxxxx Linker V03.00 + NoICE + sdld,  page 34.
Hexadecimal  [32-Bits]

Area                                    Addr        Size        Decimal Bytes (Attributes)
--------------------------------        ----        ----        ------- ----- ------------
_GSINIT                             00002F1E    00000033 =          51. bytes (REL,CON)

      Value  Global                              Global Defined In Module
      -----  --------------------------------   ------------------------
     00002F1E  gsinit                             Runtime

ASxxxx Linker V03.00 + NoICE + sdld,  page 35.
Hexadecimal  [32-Bits]

Area                                    Addr        Size        Decimal Bytes (Attributes)
--------------------------------        ----        ----        ------- ----- ------------
_GSFINAL                            00002F51    00000001 =           1. bytes (REL,CON)

      Value  Global                              Global Defined In Module
      -----  --------------------------------   ------------------------
ASxxxx Linker V03.00 + NoICE + sdld,  page 36.
Hexadecimal  [32-Bits]

Area                                    Addr        Size        Decimal Bytes (Attributes)
--------------------------------        ----        ----        ------- ----- ------------
_DATA                               0000C0A0    000018FD =        6397. bytes (REL,CON)

      Value  Global                              Global Defined In Module
      -----  --------------------------------   ------------------------
     0000C0A0  __cpu                              Runtime
     0000C0A1  __is_GBA                           Runtime
     0000C0A2  .mode                              Runtime
     0000C0A3  .sys_time                          Runtime
     0000C0A3  _sys_time                          Runtime
     0000C0A5  .int_0x40                          Runtime
     0000C0B9  _actors                            actor
     0000C4D3  _actors_active_head                actor
     0000C4D5  _actors_active_tail                actor
     0000C4D7  _actors_inactive_head              actor
     0000C4D9  _screen_x                          actor
     0000C4DA  _screen_y                          actor
     0000C4DB  _invalid                           actor
     0000C4DD  _player_moving                     actor
     0000C4DE  _player_iframes                    actor
     0000C4DF  _player_collision_actor            actor
     0000C4E1  _emote_actor                       actor
     0000C4E3  _emote_timer                       actor
     0000C4E4  _allocated_hardware_sprites        actor
     0000C4EC  _camera_x                          camera
     0000C4EE  _camera_y                          camera
     0000C4F0  _camera_offset_x                   camera
     0000C4F1  _camera_offset_y                   camera
     0000C4F2  _camera_deadzone_x                 camera
     0000C4F3  _camera_deadzone_y                 camera
     0000C4F4  _camera_settings                   camera
     0000C4F8  _current_scene                     data_manager
     0000C4FB  _image_bank                        data_manager
     0000C4FC  _image_ptr                         data_manager
     0000C4FE  _image_attr_bank                   data_manager
     0000C4FF  _image_attr_ptr                    data_manager
     0000C501  _collision_bank                    data_manager
     0000C502  _collision_ptr                     data_manager
     0000C504  _image_tile_width                  data_manager
     0000C505  _image_tile_height                 data_manager
     0000C506  _image_width                       data_manager
     0000C508  _image_height                      data_manager
     0000C50A  _sprites_len                       data_manager
     0000C50B  _actors_len                        data_manager
     0000C50C  _projectiles_len                   data_manager
     0000C50D  _player_sprite_len                 data_manager
     0000C50E  _scene_type                        data_manager
     0000C50F  _scene_LCD_type                    data_manager
     0000C510  _scene_stack                       data_manager
     0000C550  _scene_stack_ptr                   data_manager
     0000C555  _input_events                      events
     0000C57D  _input_slots                       events
     0000C585  _timer_events                      events
     0000C599  _timer_values                      events
     0000C5A1  _fade_running                      fade_manager
ASxxxx Linker V03.00 + NoICE + sdld,  page 37.
Hexadecimal  [32-Bits]

Area                                    Addr        Size        Decimal Bytes (Attributes)
--------------------------------        ----        ----        ------- ----- ------------
_DATA                               0000C0A0    000018FD =        6397. bytes (REL,CON)

      Value  Global                              Global Defined In Module
      -----  --------------------------------   ------------------------
     0000C5A2  _fade_frames_per_step              fade_manager
     0000C5A3  _fade_timer                        fade_manager
     0000C5A6  _joypads                           input
     0000C5AB  _frame_joy                         input
     0000C5AC  _last_joy                          input
     0000C5AD  _recent_joy                        input
     0000C5AE  _SIO_status                        
     0000C5AF  _link_byte_sent                    
     0000C5B0  _link_next_mode                    
     0000C5B1  _save_blob_size                    load_save
     0000C5B3  _current_track                     music_manager
     0000C5B5  _tone_frames                       music_manager
     0000C5B6  _channel_mask                      music_manager
     0000C5B7  _sound_channel                     music_manager
     0000C5B8  _current_track_bank                music_manager
     0000C5B9  _routine_queue                     music_manager
     0000C5BD  _routine_queue_head                music_manager
     0000C5BE  _routine_queue_tail                music_manager
     0000C5BF  _music_events                      music_manager
     0000C5D3  _DMG_palette                       palette
     0000C5D6  _SprPalette                        palette
     0000C616  _parallax_rows                     parallax
     0000C628  _parallax_row                      parallax
     0000C62A  _projectiles                       projectiles
     0000C6E3  _projectile_defs                   projectiles
     0000C756  _projectiles_active_head           projectiles
     0000C758  _projectiles_inactive_head         projectiles
     0000C75F  _scroll_x                          scroll
     0000C761  _scroll_y                          scroll
     0000C763  _draw_scroll_x                     scroll
     0000C765  _draw_scroll_y                     scroll
     0000C767  _scroll_x_max                      scroll
     0000C769  _scroll_y_max                      scroll
     0000C76B  _scroll_offset_x                   scroll
     0000C76C  _scroll_offset_y                   scroll
     0000C76D  _pending_h_x                       scroll
     0000C76E  _pending_h_y                       scroll
     0000C76F  _pending_h_i                       scroll
     0000C770  _pending_w_x                       scroll
     0000C771  _pending_w_y                       scroll
     0000C772  _pending_w_i                       scroll
     0000C773  _current_row                       scroll
     0000C775  _new_row                           scroll
     0000C777  _current_col                       scroll
     0000C779  _new_col                           scroll
     0000C77B  .image_tile_width                  
     0000C77C  _link_operation_mode               sio
     0000C77D  _link_packet                       sio
     0000C79D  _link_packet_len                   sio
     0000C79E  _link_packet_ptr                   sio
     0000C7A0  _link_packet_received              sio
ASxxxx Linker V03.00 + NoICE + sdld,  page 38.
Hexadecimal  [32-Bits]

Area                                    Addr        Size        Decimal Bytes (Attributes)
--------------------------------        ----        ----        ------- ----- ------------
_DATA                               0000C0A0    000018FD =        6397. bytes (REL,CON)

      Value  Global                              Global Defined In Module
      -----  --------------------------------   ------------------------
     0000C7A1  _link_packet_snd_len               sio
     0000C7A2  _link_packet_snd_ptr               sio
     0000C7A4  _link_packet_sent                  sio
     0000C7A5  __is_CGB                           system
     0000C7A6  __is_SGB                           system
     0000C7A7  _triggers                          trigger
     0000C89F  _last_trigger_tx                   trigger
     0000C8A0  _last_trigger_ty                   trigger
     0000C8A1  _last_trigger                      trigger
     0000C8A2  _win_pos_x                         ui
     0000C8A3  _win_dest_pos_x                    ui
     0000C8A4  _win_pos_y                         ui
     0000C8A5  _win_dest_pos_y                    ui
     0000C8A6  _win_speed                         ui
     0000C8A7  _text_drawn                        ui
     0000C8A8  _current_text_speed                ui
     0000C8A9  _text_wait                         ui
     0000C8AA  _text_in_speed                     ui
     0000C8AB  _text_out_speed                    ui
     0000C8AC  _text_draw_speed                   ui
     0000C8AD  _text_ff_joypad                    ui
     0000C8AE  _text_ff                           ui
     0000C8AF  _text_bkg_fill                     ui
     0000C8B0  _ui_text_data                      ui
     0000C9BA  _vwf_current_mask                  ui
     0000C9BB  _vwf_current_rotate                ui
     0000C9BC  _vwf_inverse_map                   ui
     0000C9BD  _vwf_direction                     ui
     0000C9BE  _vwf_current_font_desc             ui
     0000C9C6  _vwf_current_font_bank             ui
     0000C9C7  _vwf_current_font_idx              ui
     0000C9C8  _text_render_base_addr             ui
     0000C9CA  _text_scroll_addr                  ui
     0000C9CC  _text_scroll_width                 ui
     0000C9CD  _text_scroll_height                ui
     0000C9CE  _text_scroll_fill                  ui
     0000C9CF  _text_sound_frames                 ui
     0000C9D0  _text_sound_ch                     ui
     0000C9D1  _text_sound_bank                   ui
     0000C9D2  _text_sound_data                   ui
     0000C9D9  __itoa_fmt_len                     vm_ui_a
     0000C9DA  .itoa_fmt_buf                      vm_ui_a
     0000C9DD  _CTXS                              vm
     0000CB0D  _first_ctx                         vm
     0000CB0F  _free_ctxs                         vm
     0000CB11  _old_executing_ctx                 vm
     0000CB13  _executing_ctx                     vm
     0000CB15  _vm_lock_state                     vm
     0000CB16  _vm_loaded_state                   vm
     0000CB17  _vm_exception_code                 vm
     0000CB18  _vm_exception_params_length        vm
ASxxxx Linker V03.00 + NoICE + sdld,  page 39.
Hexadecimal  [32-Bits]

Area                                    Addr        Size        Decimal Bytes (Attributes)
--------------------------------        ----        ----        ------- ----- ------------
_DATA                               0000C0A0    000018FD =        6397. bytes (REL,CON)

      Value  Global                              Global Defined In Module
      -----  --------------------------------   ------------------------
     0000CB19  _vm_exception_params_bank          vm
     0000CB1A  _vm_exception_params_offset        vm
     0000CB1C  _script_memory                     vm
     0000D920  _grounded                          platform
     0000D921  _on_ladder                         platform
     0000D922  _pl_vel_x                          platform
     0000D924  _pl_vel_y                          platform
     0000D926  _plat_min_vel                      platform
     0000D928  _plat_walk_vel                     platform
     0000D92A  _plat_climb_vel                    platform
     0000D92C  _plat_run_vel                      platform
     0000D92E  _plat_walk_acc                     platform
     0000D930  _plat_run_acc                      platform
     0000D932  _plat_dec                          platform
     0000D934  _plat_jump_vel                     platform
     0000D936  _plat_grav                         platform
     0000D938  _plat_hold_grav                    platform
     0000D93A  _plat_max_fall_vel                 platform
     0000D93C  _shooter_reached_end               shmup
     0000D93D  _shooter_dest                      shmup
     0000D93F  _shooter_direction                 shmup
     0000D940  _topdown_grid                      topdown
     0000D941  gbt_playing                        
     0000D942  gbt_song                           
     0000D944  gbt_bank                           
     0000D945  gbt_speed                          
     0000D946  gbt_temp_play_data                 
     0000D952  gbt_loop_enabled                   
     0000D953  gbt_ticks_elapsed                  
     0000D954  gbt_current_step                   
     0000D955  gbt_current_pattern                
     0000D956  gbt_current_step_data_ptr          
     0000D958  gbt_channels_enabled               
     0000D959  gbt_pan                            
     0000D95D  gbt_vol                            
     0000D961  gbt_instr                          
     0000D965  gbt_freq                           
     0000D96B  __current_ch3_wave                 
     0000D96B  __gbt_channel3_loaded_instrument   
     0000D96B  gbt_channel3_loaded_instrument     
     0000D96C  gbt_arpeggio_freq_index            
     0000D975  gbt_arpeggio_enabled               
     0000D978  gbt_arpeggio_tick                  
     0000D97B  gbt_sweep                          
     0000D97E  gbt_cut_note_tick                  
     0000D982  gbt_have_to_stop_next_step         
     0000D983  gbt_update_pattern_pointers        
     0000D984  .randhi                            
     0000D985  .randlo                            
     0000D986  ___call_banked_addr                far_ptr
     0000D986  ___call_banked_ptr                 far_ptr
ASxxxx Linker V03.00 + NoICE + sdld,  page 40.
Hexadecimal  [32-Bits]

Area                                    Addr        Size        Decimal Bytes (Attributes)
--------------------------------        ----        ----        ------- ----- ------------
_DATA                               0000C0A0    000018FD =        6397. bytes (REL,CON)

      Value  Global                              Global Defined In Module
      -----  --------------------------------   ------------------------
     0000D988  ___call_banked_bank                far_ptr
     0000D98A  .int_0x48                          
     0000D99A  ___current_metasprite              Metasprites
     0000D99C  ___current_base_tile               Metasprites
ASxxxx Linker V03.00 + NoICE + sdld,  page 41.
Hexadecimal  [32-Bits]

Area                                    Addr        Size        Decimal Bytes (Attributes)
--------------------------------        ----        ----        ------- ----- ------------
_INITIALIZED                        0000D99D    00000010 =          16. bytes (REL,CON)

      Value  Global                              Global Defined In Module
      -----  --------------------------------   ------------------------
     0000D99D  _fade_style                        fade_manager
     0000D99E  _game_time                         game_time
     0000D99F  _hide_sprites                      interrupts
     0000D9A0  _show_actors_on_overlay            interrupts
     0000D9A1  _ISR_counter                       music_manager
     0000D9A2  _play_bank                         sample_player
     0000D9A3  _play_sample                       sample_player
     0000D9A5  _play_length                       sample_player
     0000D9A7  _triggers_len                      trigger
     0000D9A8  _exchange_state                    vm_sio
     0000D9A9  _last_hit_trigger                  pointnclick
     0000D9AA  _shooter_scroll_speed              shmup
     0000D9AB  ___render_shadow_OAM               Metasprites
     0000D9AC  __map_tile_offset                  SetTileMap

ASxxxx Linker V03.00 + NoICE + sdld,  page 42.
Hexadecimal  [32-Bits]

Area                                    Addr        Size        Decimal Bytes (Attributes)
--------------------------------        ----        ----        ------- ----- ------------
_HRAM12                             00000000    00000003 =           3. bytes (ABS,CON)

      Value  Global                              Global Defined In Module
      -----  --------------------------------   ------------------------
     0000FF90  __current_bank                     Runtime
     0000FF92  __shadow_OAM_base                  Runtime

ASxxxx Linker V03.00 + NoICE + sdld,  page 43.
Hexadecimal  [32-Bits]

Area                                    Addr        Size        Decimal Bytes (Attributes)
--------------------------------        ----        ----        ------- ----- ------------
_CODE_1                             00014000    00002FB2 =       12210. bytes (REL,CON)

      Value  Global                              Global Defined In Module
      -----  --------------------------------   ------------------------
     00014000  _actors_init                       actor
     0001403A  _emote_offsets                     actor
     00014049  _emote_metasprite                  actor
     00014055  _player_init                       actor
     00014068  _deactivate_actor                  actor
     0001416F  _activate_actor                    actor
     0001429A  _activate_actors_in_row            actor
     00014391  _activate_actors_in_col            actor
     000144E2  _actor_set_frames                  actor
     00014536  _actor_set_frame_offset            actor
     00014573  _actor_get_frame_offset            actor
     00014586  _actor_set_anim_idle               actor
     000145B4  _actor_set_anim_moving             actor
     000145E5  _actor_set_dir                     actor
     0001464A  _actor_at_tile                     actor
     0001471F  _actor_in_front_of_player          actor
     00014806  _actor_overlapping_player          actor
     00014A9E  _actor_overlapping_bb              actor
     00014CBC  _actors_handle_player_collision    actor
     00014D47  _check_collision_in_direction      actor
     00015486  _camera_init                       camera
     000154A4  _camera_reset                      camera
     000154B4  _remove_LCD_ISRs                   interrupts
     000154D5  _parallax_init                     parallax
     000154F9  _scroll_init                       scroll
     00015523  _scroll_reset                      scroll
     00015543  _scroll_update                     scroll
     0001565A  _scroll_viewport                   scroll
     00015B08  _scroll_repaint                    scroll
     00015B44  _scroll_render_rows                scroll
     00015BCC  _scroll_queue_row                  scroll
     00015BF1  _scroll_queue_col                  scroll
     00015C3D  _ui_swap_tiles                     
     00015C87  _ui_print_make_mask_lr             
     00015CA3  _ui_print_make_mask_rl             
     00015CBF  _ui_init                           ui
     00015D82  _ui_load_tiles                     ui
     00015DD9  _ui_draw_frame                     ui
     00015E48  _ui_print_reset                    ui
     00015E7C  _ui_print_render                   ui
     00016070  _ui_draw_text_buffer_char          ui
     000164D0  _ui_run_menu                       ui
     000166F0  _ui_run_modal                      ui
     000168DB  gbt_channel_1_handle               
     00016AB5  gbt_channel_2_handle               
     00016C87  gbt_channel_3_handle               
     00016E60  gbt_channel_4_handle               
     00016F79  gbt_update_bank1                   
     00016F95  gbt_update_effects_bank1           

ASxxxx Linker V03.00 + NoICE + sdld,  page 44.
Hexadecimal  [32-Bits]

Area                                    Addr        Size        Decimal Bytes (Attributes)
--------------------------------        ----        ----        ------- ----- ------------
_CODE_7                             00074000    00004000 =       16384. bytes (REL,CON)

      Value  Global                              Global Defined In Module
      -----  --------------------------------   ------------------------
     00074000  _bootstrap_script                  
     0007400B  ___func_music_track_4__Data        music_track_4__Data
     0007400B  _music_track_4_0                   music_track_4__Data
     00074142  _music_track_4_1                   music_track_4__Data
     00074261  _music_track_4_2                   music_track_4__Data
     00074381  _music_track_4_3                   music_track_4__Data
     000744A2  _music_track_4__Data               music_track_4__Data
     000744AC  ___func_music_track_5__Data        music_track_5__Data
     000744AC  _music_track_5_0                   music_track_5__Data
     000745DD  _music_track_5_1                   music_track_5__Data
     0007470D  _music_track_5_2                   music_track_5__Data
     00074847  _music_track_5_3                   music_track_5__Data
     00074981  _music_track_5_4                   music_track_5__Data
     00074A81  _music_track_5_5                   music_track_5__Data
     00074B81  _music_track_5_6                   music_track_5__Data
     00074C81  _music_track_5_7                   music_track_5__Data
     00074D81  _music_track_5_8                   music_track_5__Data
     00074E88  _music_track_5_9                   music_track_5__Data
     00074F9E  _music_track_5_10                  music_track_5__Data
     000750B3  _music_track_5_11                  music_track_5__Data
     000751C2  _music_track_5_12                  music_track_5__Data
     000752D0  _music_track_5_13                  music_track_5__Data
     000753D9  _music_track_5_14                  music_track_5__Data
     000754E3  _music_track_5_15                  music_track_5__Data
     000755E5  _music_track_5_16                  music_track_5__Data
     000756E5  _music_track_5_17                  music_track_5__Data
     000757E5  _music_track_5_18                  music_track_5__Data
     00075929  _music_track_5_19                  music_track_5__Data
     00075A6D  _music_track_5_20                  music_track_5__Data
     00075BB4  _music_track_5_21                  music_track_5__Data
     00075CFB  _music_track_5_22                  music_track_5__Data
     00075E3F  _music_track_5_23                  music_track_5__Data
     00075F84  _music_track_5_24                  music_track_5__Data
     000760BE  _music_track_5_25                  music_track_5__Data
     000761F8  _music_track_5_26                  music_track_5__Data
     0007633F  _music_track_5_27                  music_track_5__Data
     00076487  _music_track_5__Data               music_track_5__Data
     000764A1  ___func_scene_4_collisions         scene_4_collisions
     000764A1  _scene_4_collisions                scene_4_collisions
     00077EE5  ___func_spritesheet_0              spritesheet_0
     00077EE5  _spritesheet_0_metasprite_0        spritesheet_0
     00077EF1  _spritesheet_0_metasprite_1        spritesheet_0
     00077EFD  _spritesheet_0_metasprite_2        spritesheet_0
     00077F09  _spritesheet_0_metasprite_3        spritesheet_0
     00077F15  _spritesheet_0_metasprite_4        spritesheet_0
     00077F21  _spritesheet_0_metasprite_5        spritesheet_0
     00077F2D  _spritesheet_0_metasprite_6        spritesheet_0
     00077F39  _spritesheet_0_metasprite_7        spritesheet_0
     00077F45  _spritesheet_0_metasprite_8        spritesheet_0
     00077F51  _spritesheet_0_metasprite_9        spritesheet_0
ASxxxx Linker V03.00 + NoICE + sdld,  page 45.
Hexadecimal  [32-Bits]

Area                                    Addr        Size        Decimal Bytes (Attributes)
--------------------------------        ----        ----        ------- ----- ------------
_CODE_7                             00074000    00004000 =       16384. bytes (REL,CON)

      Value  Global                              Global Defined In Module
      -----  --------------------------------   ------------------------
     00077F5D  _spritesheet_0_metasprite_10       spritesheet_0
     00077F69  _spritesheet_0_metasprite_11       spritesheet_0
     00077F75  _spritesheet_0_metasprite_12       spritesheet_0
     00077F81  _spritesheet_0_metasprite_13       spritesheet_0
     00077F8D  _spritesheet_0_metasprites         spritesheet_0
     00077FB9  _spritesheet_0_animations          spritesheet_0
     00077FC9  _spritesheet_0_animations_lookup   spritesheet_0
     00077FCB  _spritesheet_0                     spritesheet_0
     00077FDE  ___func_tileset_0                  tileset_0
     00077FDE  _tileset_0                         tileset_0
ASxxxx Linker V03.00 + NoICE + sdld,  page 46.
Hexadecimal  [32-Bits]

Area                                    Addr        Size        Decimal Bytes (Attributes)
--------------------------------        ----        ----        ------- ----- ------------
_CODE_4                             00044000    00002789 =       10121. bytes (REL,CON)

      Value  Global                              Global Defined In Module
      -----  --------------------------------   ------------------------
     00044000  _core_reset                        core
     00044075  _process_VM                        core
     0004431C  _core_run                          core
     000443DF  ___HandleCrash_banked              
     00044746  _load_init                         data_manager
     00044759  _spritesheet_none_far              data_manager
     0004475C  _load_bkg_tileset                  data_manager
     00044869  _load_background                   data_manager
     00044928  _load_sprite                       data_manager
     00044986  _load_bounds                       data_manager
     000449A6  _do_load_palette                   data_manager
     00044A26  _get_farptr_index                  data_manager
     00044ABC  _load_scene                        data_manager
     0004545D  _load_player                       data_manager
[...]

Area                                    Addr        Size        Decimal Bytes (Attributes)
--------------------------------        ----        ----        ------- ----- ------------
_HEADER_LCD0                        00000000    00000003 =           3. bytes (ABS,CON)

      Value  Global                              Global Defined In Module
      -----  --------------------------------   ------------------------
ASxxxx Linker V03.00 + NoICE + sdld,  page 64.

Files Linked                              [ module(s) ]

C:\Users\Bartek\AppData\Local\Temp/_gbstools/gbdk/lib/small/asxxxx/gb/crt0.o
                                          [ Runtime ]
C:/Users/Bartek/AppData/Local/Temp/_gbsbuild/obj/absolute.rel
                                          [ absolute ]
C:/Users/Bartek/AppData/Local/Temp/_gbsbuild/obj/actor.rel
                                          [ actor ]
C:/Users/Bartek/AppData/Local/Temp/_gbsbuild/obj/bankdata.rel
                                          [ bankdata ]
C:/Users/Bartek/AppData/Local/Temp/_gbsbuild/obj/bootstrap.rel
                                          [  ]
C:/Users/Bartek/AppData/Local/Temp/_gbsbuild/obj/camera.rel
                                          [ camera ]
C:/Users/Bartek/AppData/Local/Temp/_gbsbuild/obj/core.rel
                                          [ core ]
C:/Users/Bartek/AppData/Local/Temp/_gbsbuild/obj/crash_handler.rel
                                          [  ]
C:/Users/Bartek/AppData/Local/Temp/_gbsbuild/obj/data_manager.rel
                                          [ data_manager ]
C:/Users/Bartek/AppData/Local/Temp/_gbsbuild/obj/events.rel
                                          [ events ]
C:/Users/Bartek/AppData/Local/Temp/_gbsbuild/obj/fade_manager.rel
                                          [ fade_manager ]
C:/Users/Bartek/AppData/Local/Temp/_gbsbuild/obj/flasher_s.rel
                                          [  ]
C:/Users/Bartek/AppData/Local/Temp/_gbsbuild/obj/flasher.rel
                                          [ flasher ]
C:/Users/Bartek/AppData/Local/Temp/_gbsbuild/obj/game_time.rel
                                          [ game_time ]
C:/Users/Bartek/AppData/Local/Temp/_gbsbuild/obj/input.rel
                                          [ input ]
C:/Users/Bartek/AppData/Local/Temp/_gbsbuild/obj/interrupt_sio.rel
                                          [  ]
C:/Users/Bartek/AppData/Local/Temp/_gbsbuild/obj/interrupt_timer.rel
                                          [  ]
C:/Users/Bartek/AppData/Local/Temp/_gbsbuild/obj/interrupts.rel
                                          [ interrupts ]
C:/Users/Bartek/AppData/Local/Temp/_gbsbuild/obj/load_save.rel
                                          [ load_save ]
C:/Users/Bartek/AppData/Local/Temp/_gbsbuild/obj/math.rel
                                          [ math ]
C:/Users/Bartek/AppData/Local/Temp/_gbsbuild/obj/music_manager.rel
                                          [ music_manager ]
C:/Users/Bartek/AppData/Local/Temp/_gbsbuild/obj/palette.rel
                                          [ palette ]
C:/Users/Bartek/AppData/Local/Temp/_gbsbuild/obj/parallax.rel
                                          [ parallax ]
C:/Users/Bartek/AppData/Local/Temp/_gbsbuild/obj/projectiles.rel
                                          [ projectiles ]
C:/Users/Bartek/AppData/Local/Temp/_gbsbuild/obj/sample_player.rel
                                          [ sample_player ]
C:/Users/Bartek/AppData/Local/Temp/_gbsbuild/obj/scroll_a.rel
                                          [  ]
C:/Users/Bartek/AppData/Local/Temp/_gbsbuild/obj/scroll.rel
                                          [ scroll ]
C:/Users/Bartek/AppData/Local/Temp/_gbsbuild/obj/set_tile_submap.rel
                                          [  ]
C:/Users/Bartek/AppData/Local/Temp/_gbsbuild/obj/sgb_border.rel
                                          [ sgb_border ]
C:/Users/Bartek/AppData/Local/Temp/_gbsbuild/obj/sio.rel
                                          [ sio ]
C:/Users/Bartek/AppData/Local/Temp/_gbsbuild/obj/states_caller.rel
                                          [  ]
C:/Users/Bartek/AppData/Local/Temp/_gbsbuild/obj/system.rel
                                          [ system ]
C:/Users/Bartek/AppData/Local/Temp/_gbsbuild/obj/trigger.rel
                                          [ trigger ]
C:/Users/Bartek/AppData/Local/Temp/_gbsbuild/obj/ui_a.rel
                                          [  ]
C:/Users/Bartek/AppData/Local/Temp/_gbsbuild/obj/ui.rel
                                          [ ui ]
C:/Users/Bartek/AppData/Local/Temp/_gbsbuild/obj/vm_actor.rel
                                          [ vm_actor ]
C:/Users/Bartek/AppData/Local/Temp/_gbsbuild/obj/vm_camera.rel
                                          [ vm_camera ]
C:/Users/Bartek/AppData/Local/Temp/_gbsbuild/obj/vm_gameboy.rel
                                          [ vm_gameboy ]
C:/Users/Bartek/AppData/Local/Temp/_gbsbuild/obj/vm_instructions.rel
                                          [ vm_instructions ]
C:/Users/Bartek/AppData/Local/Temp/_gbsbuild/obj/vm_load_save.rel
                                          [ vm_load_save ]
C:/Users/Bartek/AppData/Local/Temp/_gbsbuild/obj/vm_math.rel
                                          [ vm_math ]
C:/Users/Bartek/AppData/Local/Temp/_gbsbuild/obj/vm_music.rel
                                          [ vm_music ]
C:/Users/Bartek/AppData/Local/Temp/_gbsbuild/obj/vm_palette.rel
                                          [ vm_palette ]
C:/Users/Bartek/AppData/Local/Temp/_gbsbuild/obj/vm_projectiles.rel
                                          [ vm_projectiles ]
C:/Users/Bartek/AppData/Local/Temp/_gbsbuild/obj/vm_rtc.rel
                                          [ vm_rtc ]
C:/Users/Bartek/AppData/Local/Temp/_gbsbuild/obj/vm_scene.rel
                                          [ vm_scene ]
C:/Users/Bartek/AppData/Local/Temp/_gbsbuild/obj/vm_sgb.rel
                                          [ vm_sgb ]
C:/Users/Bartek/AppData/Local/Temp/_gbsbuild/obj/vm_sio.rel
                                          [ vm_sio ]
C:/Users/Bartek/AppData/Local/Temp/_gbsbuild/obj/vm_ui_a.rel
                                          [ vm_ui_a ]
C:/Users/Bartek/AppData/Local/Temp/_gbsbuild/obj/vm_ui.rel
                                          [ vm_ui ]
C:/Users/Bartek/AppData/Local/Temp/_gbsbuild/obj/vm.rel
                                          [ vm ]
C:/Users/Bartek/AppData/Local/Temp/_gbsbuild/obj/background_0.rel
                                          [ background_0 ]
C:/Users/Bartek/AppData/Local/Temp/_gbsbuild/obj/background_1.rel
                                          [ background_1 ]
C:/Users/Bartek/AppData/Local/Temp/_gbsbuild/obj/background_2.rel
                                          [ background_2 ]
C:/Users/Bartek/AppData/Local/Temp/_gbsbuild/obj/background_3.rel
                                          [ background_3 ]
C:/Users/Bartek/AppData/Local/Temp/_gbsbuild/obj/background_4.rel
                                          [ background_4 ]
C:/Users/Bartek/AppData/Local/Temp/_gbsbuild/obj/background_5.rel
                                          [ background_5 ]
C:/Users/Bartek/AppData/Local/Temp/_gbsbuild/obj/background_6.rel
                                          [ background_6 ]
C:/Users/Bartek/AppData/Local/Temp/_gbsbuild/obj/background_7.rel
                                          [ background_7 ]
C:/Users/Bartek/AppData/Local/Temp/_gbsbuild/obj/cursor_image.rel
                                          [ cursor_image ]
C:/Users/Bartek/AppData/Local/Temp/_gbsbuild/obj/font_0.rel
                                          [ font_0 ]
C:/Users/Bartek/AppData/Local/Temp/_gbsbuild/obj/frame_image.rel
                                          [ frame_image ]
C:/Users/Bartek/AppData/Local/Temp/_gbsbuild/obj/game_signature.rel
                                          [ game_signature ]
C:/Users/Bartek/AppData/Local/Temp/_gbsbuild/obj/music_track_0__Data.rel
                                          [ music_track_0__Data ]
C:/Users/Bartek/AppData/Local/Temp/_gbsbuild/obj/music_track_1__Data.rel
                                          [ music_track_1__Data ]
C:/Users/Bartek/AppData/Local/Temp/_gbsbuild/obj/music_track_2__Data.rel
                                          [ music_track_2__Data ]
C:/Users/Bartek/AppData/Local/Temp/_gbsbuild/obj/music_track_3__Data.rel
                                          [ music_track_3__Data ]
C:/Users/Bartek/AppData/Local/Temp/_gbsbuild/obj/music_track_4__Data.rel
                                          [ music_track_4__Data ]
C:/Users/Bartek/AppData/Local/Temp/_gbsbuild/obj/music_track_5__Data.rel
                                          [ music_track_5__Data ]
C:/Users/Bartek/AppData/Local/Temp/_gbsbuild/obj/music_track_6__Data.rel
                                          [ music_track_6__Data ]
C:/Users/Bartek/AppData/Local/Temp/_gbsbuild/obj/palette_0.rel
                                          [ palette_0 ]
C:/Users/Bartek/AppData/Local/Temp/_gbsbuild/obj/palette_1.rel
                                          [ palette_1 ]
C:/Users/Bartek/AppData/Local/Temp/_gbsbuild/obj/scene_0_collisions.rel
                                          [ scene_0_collisions ]
C:/Users/Bartek/AppData/Local/Temp/_gbsbuild/obj/scene_0.rel
                                          [ scene_0 ]
C:/Users/Bartek/AppData/Local/Temp/_gbsbuild/obj/scene_1_collisions.rel
                                          [ scene_1_collisions ]
C:/Users/Bartek/AppData/Local/Temp/_gbsbuild/obj/scene_1_triggers.rel
                                          [ scene_1_triggers ]
C:/Users/Bartek/AppData/Local/Temp/_gbsbuild/obj/scene_1.rel
                                          [ scene_1 ]
C:/Users/Bartek/AppData/Local/Temp/_gbsbuild/obj/scene_2_collisions.rel
                                          [ scene_2_collisions ]
C:/Users/Bartek/AppData/Local/Temp/_gbsbuild/obj/scene_2_triggers.rel
                                          [ scene_2_triggers ]
C:/Users/Bartek/AppData/Local/Temp/_gbsbuild/obj/scene_2.rel
                                          [ scene_2 ]
C:/Users/Bartek/AppData/Local/Temp/_gbsbuild/obj/scene_3_collisions.rel
                                          [ scene_3_collisions ]
C:/Users/Bartek/AppData/Local/Temp/_gbsbuild/obj/scene_3_triggers.rel
                                          [ scene_3_triggers ]
C:/Users/Bartek/AppData/Local/Temp/_gbsbuild/obj/scene_3.rel
                                          [ scene_3 ]
C:/Users/Bartek/AppData/Local/Temp/_gbsbuild/obj/scene_4_collisions.rel
                                          [ scene_4_collisions ]
C:/Users/Bartek/AppData/Local/Temp/_gbsbuild/obj/scene_4_triggers.rel
                                          [ scene_4_triggers ]
C:/Users/Bartek/AppData/Local/Temp/_gbsbuild/obj/scene_4.rel
                                          [ scene_4 ]
C:/Users/Bartek/AppData/Local/Temp/_gbsbuild/obj/scene_5_collisions.rel
                                          [ scene_5_collisions ]
C:/Users/Bartek/AppData/Local/Temp/_gbsbuild/obj/scene_5_triggers.rel
                                          [ scene_5_triggers ]
C:/Users/Bartek/AppData/Local/Temp/_gbsbuild/obj/scene_5.rel
                                          [ scene_5 ]
C:/Users/Bartek/AppData/Local/Temp/_gbsbuild/obj/scene_6_collisions.rel
                                          [ scene_6_collisions ]
C:/Users/Bartek/AppData/Local/Temp/_gbsbuild/obj/scene_6.rel
                                          [ scene_6 ]
C:/Users/Bartek/AppData/Local/Temp/_gbsbuild/obj/scene_7_collisions.rel
                                          [ scene_7_collisions ]
C:/Users/Bartek/AppData/Local/Temp/_gbsbuild/obj/scene_7.rel
                                          [ scene_7 ]
C:/Users/Bartek/AppData/Local/Temp/_gbsbuild/obj/script_engine_init.rel
                                          [  ]
C:/Users/Bartek/AppData/Local/Temp/_gbsbuild/obj/script_s0_init.rel
                                          [ script_s0_init ]
C:/Users/Bartek/AppData/Local/Temp/_gbsbuild/obj/script_s1_init.rel
                                          [ script_s1_init ]
C:/Users/Bartek/AppData/Local/Temp/_gbsbuild/obj/script_s1t0_interact.rel
                                          [ script_s1t0_interact ]
C:/Users/Bartek/AppData/Local/Temp/_gbsbuild/obj/script_s2_init.rel
                                          [ script_s2_init ]
C:/Users/Bartek/AppData/Local/Temp/_gbsbuild/obj/script_s2t0_interact.rel
                                          [ script_s2t0_interact ]
C:/Users/Bartek/AppData/Local/Temp/_gbsbuild/obj/script_s3_init.rel
                                          [ script_s3_init ]
C:/Users/Bartek/AppData/Local/Temp/_gbsbuild/obj/script_s3t0_interact.rel
                                          [ script_s3t0_interact ]
C:/Users/Bartek/AppData/Local/Temp/_gbsbuild/obj/script_s4_init.rel
                                          [ script_s4_init ]
C:/Users/Bartek/AppData/Local/Temp/_gbsbuild/obj/script_s4t0_interact.rel
                                          [ script_s4t0_interact ]
C:/Users/Bartek/AppData/Local/Temp/_gbsbuild/obj/script_s5_init.rel
                                          [ script_s5_init ]
C:/Users/Bartek/AppData/Local/Temp/_gbsbuild/obj/script_s5t0_interact.rel
                                          [ script_s5t0_interact ]
C:/Users/Bartek/AppData/Local/Temp/_gbsbuild/obj/script_s6_init.rel
                                          [ script_s6_init ]
C:/Users/Bartek/AppData/Local/Temp/_gbsbuild/obj/script_s7_init.rel
                                          [ script_s7_init ]
C:/Users/Bartek/AppData/Local/Temp/_gbsbuild/obj/spritesheet_0.rel
                                          [ spritesheet_0 ]
C:/Users/Bartek/AppData/Local/Temp/_gbsbuild/obj/spritesheet_none.rel
                                          [ spritesheet_none ]
C:/Users/Bartek/AppData/Local/Temp/_gbsbuild/obj/tilemap_0.rel
                                          [ tilemap_0 ]
C:/Users/Bartek/AppData/Local/Temp/_gbsbuild/obj/tilemap_1.rel
                                          [ tilemap_1 ]
C:/Users/Bartek/AppData/Local/Temp/_gbsbuild/obj/tilemap_2.rel
                                          [ tilemap_2 ]
C:/Users/Bartek/AppData/Local/Temp/_gbsbuild/obj/tilemap_3.rel
                                          [ tilemap_3 ]
C:/Users/Bartek/AppData/Local/Temp/_gbsbuild/obj/tilemap_4.rel
                                          [ tilemap_4 ]
C:/Users/Bartek/AppData/Local/Temp/_gbsbuild/obj/tilemap_5.rel
                                          [ tilemap_5 ]
C:/Users/Bartek/AppData/Local/Temp/_gbsbuild/obj/tilemap_6.rel
                                          [ tilemap_6 ]
C:/Users/Bartek/AppData/Local/Temp/_gbsbuild/obj/tileset_0.rel
                                          [ tileset_0 ]
C:/Users/Bartek/AppData/Local/Temp/_gbsbuild/obj/tileset_1.rel
                                          [ tileset_1 ]
C:/Users/Bartek/AppData/Local/Temp/_gbsbuild/obj/tileset_2.rel
                                          [ tileset_2 ]
C:/Users/Bartek/AppData/Local/Temp/_gbsbuild/obj/tileset_3.rel
                                          [ tileset_3 ]
C:/Users/Bartek/AppData/Local/Temp/_gbsbuild/obj/tileset_4.rel
                                          [ tileset_4 ]
C:/Users/Bartek/AppData/Local/Temp/_gbsbuild/obj/main.rel
                                          [ main ]
C:/Users/Bartek/AppData/Local/Temp/_gbsbuild/obj/adventure.rel
                                          [ adventure ]
C:/Users/Bartek/AppData/Local/Temp/_gbsbuild/obj/logo.rel
                                          [ logo ]
C:/Users/Bartek/AppData/Local/Temp/_gbsbuild/obj/platform.rel
                                          [ platform ]
C:/Users/Bartek/AppData/Local/Temp/_gbsbuild/obj/pointnclick.rel
                                          [ pointnclick ]
C:/Users/Bartek/AppData/Local/Temp/_gbsbuild/obj/shmup.rel
                                          [ shmup ]
C:/Users/Bartek/AppData/Local/Temp/_gbsbuild/obj/states_ptrs.rel
                                          [  ]
C:/Users/Bartek/AppData/Local/Temp/_gbsbuild/obj/topdown.rel
                                          [ topdown ]


Libraries Linked                          [ object file ]

C:\Users\Bartek\AppData\Local\Temp/_gbstools/gbdk/lib/small/asxxxx/gb/gb.lib
                                          [ fill_rect_wi.o ]
lib/gbt_player.lib                        [ gbt_player.o ]
C:\Users\Bartek\AppData\Local\Temp/_gbstools/gbdk/lib/small/asxxxx/gbz80/gbz80.lib
                                          [ rand.o ]
C:\Users\Bartek\AppData\Local\Temp/_gbstools/gbdk/lib/small/asxxxx/gb/gb.lib
                                          [ sfr.o ]
lib/gbt_player.lib                        [ gbt_player_bank1.o ]
C:\Users\Bartek\AppData\Local\Temp/_gbstools/gbdk/lib/small/asxxxx/gb/gb.lib
                                          [ metasprites_hide_spr.o ]
C:\Users\Bartek\AppData\Local\Temp/_gbstools/gbdk/lib/small/asxxxx/gbz80/gbz80.lib
                                          [ mul.o ]
C:\Users\Bartek\AppData\Local\Temp/_gbstools/gbdk/lib/small/asxxxx/gbz80/gbz80.lib
                                          [ abs.o ]
C:\Users\Bartek\AppData\Local\Temp/_gbstools/gbdk/lib/small/asxxxx/gb/gb.lib
                                          [ set_wi_t.o ]
C:\Users\Bartek\AppData\Local\Temp/_gbstools/gbdk/lib/small/asxxxx/gb/gb.lib
                                          [ set_data.o ]
C:\Users\Bartek\AppData\Local\Temp/_gbstools/gbdk/lib/small/asxxxx/gbz80/gbz80.lib
                                          [ reverse.o ]
C:\Users\Bartek\AppData\Local\Temp/_gbstools/gbdk/lib/small/asxxxx/gb/gb.lib
                                          [ far_ptr.o ]
C:\Users\Bartek\AppData\Local\Temp/_gbstools/gbdk/lib/small/asxxxx/gb/gb.lib
                                          [ sgb.o ]
C:\Users\Bartek\AppData\Local\Temp/_gbstools/gbdk/lib/small/asxxxx/gb/gb.lib
                                          [ lcd.o ]
C:\Users\Bartek\AppData\Local\Temp/_gbstools/gbdk/lib/small/asxxxx/gb/gb.lib
                                          [ fill_rect.o ]
C:\Users\Bartek\AppData\Local\Temp/_gbstools/gbdk/lib/small/asxxxx/gb/gb.lib
                                          [ cpy_data.o ]
C:\Users\Bartek\AppData\Local\Temp/_gbstools/gbdk/lib/small/asxxxx/gb/gb.lib
                                          [ fill_rect_bk.o ]
C:\Users\Bartek\AppData\Local\Temp/_gbstools/gbdk/lib/small/asxxxx/gb/gb.lib
                                          [ pad.o ]
C:\Users\Bartek\AppData\Local\Temp/_gbstools/gbdk/lib/small/asxxxx/gb/gb.lib
                                          [ metasprites.o ]
C:\Users\Bartek\AppData\Local\Temp/_gbstools/gbdk/lib/small/asxxxx/gbz80/gbz80.lib
                                          [ __sdcc_call_hl.o ]
C:\Users\Bartek\AppData\Local\Temp/_gbstools/gbdk/lib/small/asxxxx/gbz80/gbz80.lib
                                          [ _memcpy.o ]
C:\Users\Bartek\AppData\Local\Temp/_gbstools/gbdk/lib/small/asxxxx/gbz80/gbz80.lib
                                          [ _memset.o ]
C:\Users\Bartek\AppData\Local\Temp/_gbstools/gbdk/lib/small/asxxxx/gb/gb.lib
                                          [ ___sdcc_bcall_ehl.o ]
C:\Users\Bartek\AppData\Local\Temp/_gbstools/gbdk/lib/small/asxxxx/gbz80/gbz80.lib
                                          [ div.o ]
C:\Users\Bartek\AppData\Local\Temp/_gbstools/gbdk/lib/small/asxxxx/gb/gb.lib
                                          [ set_bk_t.o ]
C:\Users\Bartek\AppData\Local\Temp/_gbstools/gbdk/lib/small/asxxxx/gb/gb.lib
                                          [ set_xy_t.o ]

ASxxxx Linker V03.00 + NoICE + sdld,  page 65.

User Base Address Definitions

_DATA=0xC0A0
_CODE=0x0200
ASxxxx Linker V03.00 + NoICE + sdld,  page 66.

User Global Definitions

.STACK=0xDF00
_shadow_OAM=0xC000
.refresh_OAM=0xFF80
__start_save=12

